Runtime error: Matrix power requires a square matrix!
